Archive member included to satisfy reference by file (symbol)

/home/nikit/Apps/IDE/st-stm32cubeide-1.9.0/plugins/com.st.stm32cube.ide.mcu.externaltools.gnu-tools-for-stm32.10.3-2021.10.linux64_1.0.0.202111181127/tools/bin/../lib/gcc/arm-none-eabi/10.3.1/../../../../arm-none-eabi/lib/thumb/v7e-m+fp/hard/libc_nano.a(lib_a-errno.o)
                              ./Src/syscalls.o (__errno)
/home/nikit/Apps/IDE/st-stm32cubeide-1.9.0/plugins/com.st.stm32cube.ide.mcu.externaltools.gnu-tools-for-stm32.10.3-2021.10.linux64_1.0.0.202111181127/tools/bin/../lib/gcc/arm-none-eabi/10.3.1/../../../../arm-none-eabi/lib/thumb/v7e-m+fp/hard/libc_nano.a(lib_a-exit.o)
                              /home/nikit/Apps/IDE/st-stm32cubeide-1.9.0/plugins/com.st.stm32cube.ide.mcu.externaltools.gnu-tools-for-stm32.10.3-2021.10.linux64_1.0.0.202111181127/tools/bin/../lib/gcc/arm-none-eabi/10.3.1/../../../../arm-none-eabi/lib/thumb/v7e-m+fp/hard/crt0.o (exit)
/home/nikit/Apps/IDE/st-stm32cubeide-1.9.0/plugins/com.st.stm32cube.ide.mcu.externaltools.gnu-tools-for-stm32.10.3-2021.10.linux64_1.0.0.202111181127/tools/bin/../lib/gcc/arm-none-eabi/10.3.1/../../../../arm-none-eabi/lib/thumb/v7e-m+fp/hard/libc_nano.a(lib_a-impure.o)
                              /home/nikit/Apps/IDE/st-stm32cubeide-1.9.0/plugins/com.st.stm32cube.ide.mcu.externaltools.gnu-tools-for-stm32.10.3-2021.10.linux64_1.0.0.202111181127/tools/bin/../lib/gcc/arm-none-eabi/10.3.1/../../../../arm-none-eabi/lib/thumb/v7e-m+fp/hard/libc_nano.a(lib_a-exit.o) (_global_impure_ptr)
/home/nikit/Apps/IDE/st-stm32cubeide-1.9.0/plugins/com.st.stm32cube.ide.mcu.externaltools.gnu-tools-for-stm32.10.3-2021.10.linux64_1.0.0.202111181127/tools/bin/../lib/gcc/arm-none-eabi/10.3.1/../../../../arm-none-eabi/lib/thumb/v7e-m+fp/hard/libc_nano.a(lib_a-init.o)
                              /home/nikit/Apps/IDE/st-stm32cubeide-1.9.0/plugins/com.st.stm32cube.ide.mcu.externaltools.gnu-tools-for-stm32.10.3-2021.10.linux64_1.0.0.202111181127/tools/bin/../lib/gcc/arm-none-eabi/10.3.1/../../../../arm-none-eabi/lib/thumb/v7e-m+fp/hard/crt0.o (__libc_init_array)
/home/nikit/Apps/IDE/st-stm32cubeide-1.9.0/plugins/com.st.stm32cube.ide.mcu.externaltools.gnu-tools-for-stm32.10.3-2021.10.linux64_1.0.0.202111181127/tools/bin/../lib/gcc/arm-none-eabi/10.3.1/../../../../arm-none-eabi/lib/thumb/v7e-m+fp/hard/libc_nano.a(lib_a-memset.o)
                              /home/nikit/Apps/IDE/st-stm32cubeide-1.9.0/plugins/com.st.stm32cube.ide.mcu.externaltools.gnu-tools-for-stm32.10.3-2021.10.linux64_1.0.0.202111181127/tools/bin/../lib/gcc/arm-none-eabi/10.3.1/../../../../arm-none-eabi/lib/thumb/v7e-m+fp/hard/crt0.o (memset)
/home/nikit/Apps/IDE/st-stm32cubeide-1.9.0/plugins/com.st.stm32cube.ide.mcu.externaltools.gnu-tools-for-stm32.10.3-2021.10.linux64_1.0.0.202111181127/tools/bin/../lib/gcc/arm-none-eabi/10.3.1/../../../../arm-none-eabi/lib/thumb/v7e-m+fp/hard/libc_nano.a(lib_a-strlen.o)
                              ./Src/sdk_uart.o (strlen)
/home/nikit/Apps/IDE/st-stm32cubeide-1.9.0/plugins/com.st.stm32cube.ide.mcu.externaltools.gnu-tools-for-stm32.10.3-2021.10.linux64_1.0.0.202111181127/tools/bin/../lib/gcc/arm-none-eabi/10.3.1/thumb/v7e-m+fp/hard/libgcc.a(_aeabi_uldivmod.o)
                              ./Drivers/STM32F4xx_HAL_Driver/Src/stm32f4xx_hal_rcc.o (__aeabi_uldivmod)
/home/nikit/Apps/IDE/st-stm32cubeide-1.9.0/plugins/com.st.stm32cube.ide.mcu.externaltools.gnu-tools-for-stm32.10.3-2021.10.linux64_1.0.0.202111181127/tools/bin/../lib/gcc/arm-none-eabi/10.3.1/thumb/v7e-m+fp/hard/libgcc.a(_udivmoddi4.o)
                              /home/nikit/Apps/IDE/st-stm32cubeide-1.9.0/plugins/com.st.stm32cube.ide.mcu.externaltools.gnu-tools-for-stm32.10.3-2021.10.linux64_1.0.0.202111181127/tools/bin/../lib/gcc/arm-none-eabi/10.3.1/thumb/v7e-m+fp/hard/libgcc.a(_aeabi_uldivmod.o) (__udivmoddi4)
/home/nikit/Apps/IDE/st-stm32cubeide-1.9.0/plugins/com.st.stm32cube.ide.mcu.externaltools.gnu-tools-for-stm32.10.3-2021.10.linux64_1.0.0.202111181127/tools/bin/../lib/gcc/arm-none-eabi/10.3.1/thumb/v7e-m+fp/hard/libgcc.a(_dvmd_tls.o)
                              /home/nikit/Apps/IDE/st-stm32cubeide-1.9.0/plugins/com.st.stm32cube.ide.mcu.externaltools.gnu-tools-for-stm32.10.3-2021.10.linux64_1.0.0.202111181127/tools/bin/../lib/gcc/arm-none-eabi/10.3.1/thumb/v7e-m+fp/hard/libgcc.a(_aeabi_uldivmod.o) (__aeabi_ldiv0)

Discarded input sections

 .text          0x0000000000000000        0x0 /home/nikit/Apps/IDE/st-stm32cubeide-1.9.0/plugins/com.st.stm32cube.ide.mcu.externaltools.gnu-tools-for-stm32.10.3-2021.10.linux64_1.0.0.202111181127/tools/bin/../lib/gcc/arm-none-eabi/10.3.1/thumb/v7e-m+fp/hard/crti.o
 .data          0x0000000000000000        0x0 /home/nikit/Apps/IDE/st-stm32cubeide-1.9.0/plugins/com.st.stm32cube.ide.mcu.externaltools.gnu-tools-for-stm32.10.3-2021.10.linux64_1.0.0.202111181127/tools/bin/../lib/gcc/arm-none-eabi/10.3.1/thumb/v7e-m+fp/hard/crti.o
[...]
Memory Configuration

Name             Origin             Length             Attributes
RAM              0x0000000020000000 0x0000000000020000 xrw
CCMRAM           0x0000000010000000 0x0000000000010000 rw
FLASH            0x0000000008000000 0x0000000000100000 xr
*default*        0x0000000000000000 0xffffffffffffffff

Linker script and memory map

LOAD /home/nikit/Apps/IDE/st-stm32cubeide-1.9.0/plugins/com.st.stm32cube.ide.mcu.externaltools.gnu-tools-for-stm32.10.3-2021.10.linux64_1.0.0.202111181127/tools/bin/../lib/gcc/arm-none-eabi/10.3.1/thumb/v7e-m+fp/hard/crti.o
LOAD /home/nikit/Apps/IDE/st-stm32cubeide-1.9.0/plugins/com.st.stm32cube.ide.mcu.externaltools.gnu-tools-for-stm32.10.3-2021.10.linux64_1.0.0.202111181127/tools/bin/../lib/gcc/arm-none-eabi/10.3.1/thumb/v7e-m+fp/hard/crtbegin.o
LOAD /home/nikit/Apps/IDE/st-stm32cubeide-1.9.0/plugins/com.st.stm32cube.ide.mcu.externaltools.gnu-tools-for-stm32.10.3-2021.10.linux64_1.0.0.202111181127/tools/bin/../lib/gcc/arm-none-eabi/10.3.1/../../../../arm-none-eabi/lib/thumb/v7e-m+fp/hard/crt0.o
LOAD ./Drivers/STM32F4xx_HAL_Driver/Src/stm32f4xx_hal.o
LOAD ./Drivers/STM32F4xx_HAL_Driver/Src/stm32f4xx_hal_cortex.o
LOAD ./Drivers/STM32F4xx_HAL_Driver/Src/stm32f4xx_hal_dma.o
LOAD ./Drivers/STM32F4xx_HAL_Driver/Src/stm32f4xx_hal_dma_ex.o
LOAD ./Drivers/STM32F4xx_HAL_Driver/Src/stm32f4xx_hal_exti.o
LOAD ./Drivers/STM32F4xx_HAL_Driver/Src/stm32f4xx_hal_flash.o
LOAD ./Drivers/STM32F4xx_HAL_Driver/Src/stm32f4xx_hal_flash_ex.o
LOAD ./Drivers/STM32F4xx_HAL_Driver/Src/stm32f4xx_hal_flash_ramfunc.o
LOAD ./Drivers/STM32F4xx_HAL_Driver/Src/stm32f4xx_hal_gpio.o
LOAD ./Drivers/STM32F4xx_HAL_Driver/Src/stm32f4xx_hal_i2c.o
LOAD ./Drivers/STM32F4xx_HAL_Driver/Src/stm32f4xx_hal_i2c_ex.o
LOAD ./Drivers/STM32F4xx_HAL_Driver/Src/stm32f4xx_hal_pwr.o
LOAD ./Drivers/STM32F4xx_HAL_Driver/Src/stm32f4xx_hal_pwr_ex.o
LOAD ./Drivers/STM32F4xx_HAL_Driver/Src/stm32f4xx_hal_rcc.o
LOAD ./Drivers/STM32F4xx_HAL_Driver/Src/stm32f4xx_hal_rcc_ex.o
LOAD ./Drivers/STM32F4xx_HAL_Driver/Src/stm32f4xx_hal_tim.o
LOAD ./Drivers/STM32F4xx_HAL_Driver/Src/stm32f4xx_hal_tim_ex.o
LOAD ./Drivers/STM32F4xx_HAL_Driver/Src/stm32f4xx_hal_uart.o
LOAD ./Src/buzzer.o
LOAD ./Src/fonts.o
LOAD ./Src/gpio.o
LOAD ./Src/i2c.o
LOAD ./Src/kb.o
LOAD ./Src/main.o
LOAD ./Src/oled.o
LOAD ./Src/pca9538.o
LOAD ./Src/sdk_uart.o
LOAD ./Src/stm32f4xx_hal_msp.o
LOAD ./Src/stm32f4xx_it.o
LOAD ./Src/syscalls.o
LOAD ./Src/system_stm32f4xx.o
LOAD ./Src/tim.o
LOAD ./Src/usart.o
LOAD ./startup/startup_stm32f407xx.o
START GROUP
LOAD /home/nikit/Apps/IDE/st-stm32cubeide-1.9.0/plugins/com.st.stm32cube.ide.mcu.externaltools.gnu-tools-for-stm32.10.3-2021.10.linux64_1.0.0.202111181127/tools/bin/../lib/gcc/arm-none-eabi/10.3.1/../../../../arm-none-eabi/lib/thumb/v7e-m+fp/hard/libc_nano.a
LOAD /home/nikit/Apps/IDE/st-stm32cubeide-1.9.0/plugins/com.st.stm32cube.ide.mcu.externaltools.gnu-tools-for-stm32.10.3-2021.10.linux64_1.0.0.202111181127/tools/bin/../lib/gcc/arm-none-eabi/10.3.1/../../../../arm-none-eabi/lib/thumb/v7e-m+fp/hard/libm.a
END GROUP
START GROUP
LOAD /home/nikit/Apps/IDE/st-stm32cubeide-1.9.0/plugins/com.st.stm32cube.ide.mcu.externaltools.gnu-tools-for-stm32.10.3-2021.10.linux64_1.0.0.202111181127/tools/bin/../lib/gcc/arm-none-eabi/10.3.1/thumb/v7e-m+fp/hard/libgcc.a
LOAD /home/nikit/Apps/IDE/st-stm32cubeide-1.9.0/plugins/com.st.stm32cube.ide.mcu.externaltools.gnu-tools-for-stm32.10.3-2021.10.linux64_1.0.0.202111181127/tools/bin/../lib/gcc/arm-none-eabi/10.3.1/../../../../arm-none-eabi/lib/thumb/v7e-m+fp/hard/libc_nano.a
END GROUP
START GROUP
LOAD /home/nikit/Apps/IDE/st-stm32cubeide-1.9.0/plugins/com.st.stm32cube.ide.mcu.externaltools.gnu-tools-for-stm32.10.3-2021.10.linux64_1.0.0.202111181127/tools/bin/../lib/gcc/arm-none-eabi/10.3.1/thumb/v7e-m+fp/hard/libgcc.a
LOAD /home/nikit/Apps/IDE/st-stm32cubeide-1.9.0/plugins/com.st.stm32cube.ide.mcu.externaltools.gnu-tools-for-stm32.10.3-2021.10.linux64_1.0.0.202111181127/tools/bin/../lib/gcc/arm-none-eabi/10.3.1/../../../../arm-none-eabi/lib/thumb/v7e-m+fp/hard/libc_nano.a
LOAD /home/nikit/Apps/IDE/st-stm32cubeide-1.9.0/plugins/com.st.stm32cube.ide.mcu.externaltools.gnu-tools-for-stm32.10.3-2021.10.linux64_1.0.0.202111181127/tools/bin/../lib/gcc/arm-none-eabi/10.3.1/../../../../arm-none-eabi/lib/thumb/v7e-m+fp/hard/libnosys.a
END GROUP
START GROUP
LOAD /home/nikit/Apps/IDE/st-stm32cubeide-1.9.0/plugins/com.st.stm32cube.ide.mcu.externaltools.gnu-tools-for-stm32.10.3-2021.10.linux64_1.0.0.202111181127/tools/bin/../lib/gcc/arm-none-eabi/10.3.1/thumb/v7e-m+fp/hard/libgcc.a
LOAD /home/nikit/Apps/IDE/st-stm32cubeide-1.9.0/plugins/com.st.stm32cube.ide.mcu.externaltools.gnu-tools-for-stm32.10.3-2021.10.linux64_1.0.0.202111181127/tools/bin/../lib/gcc/arm-none-eabi/10.3.1/../../../../arm-none-eabi/lib/thumb/v7e-m+fp/hard/libc_nano.a
LOAD /home/nikit/Apps/IDE/st-stm32cubeide-1.9.0/plugins/com.st.stm32cube.ide.mcu.externaltools.gnu-tools-for-stm32.10.3-2021.10.linux64_1.0.0.202111181127/tools/bin/../lib/gcc/arm-none-eabi/10.3.1/../../../../arm-none-eabi/lib/thumb/v7e-m+fp/hard/libnosys.a
END GROUP
LOAD /home/nikit/Apps/IDE/st-stm32cubeide-1.9.0/plugins/com.st.stm32cube.ide.mcu.externaltools.gnu-tools-for-stm32.10.3-2021.10.linux64_1.0.0.202111181127/tools/bin/../lib/gcc/arm-none-eabi/10.3.1/thumb/v7e-m+fp/hard/crtend.o
LOAD /home/nikit/Apps/IDE/st-stm32cubeide-1.9.0/plugins/com.st.stm32cube.ide.mcu.externaltools.gnu-tools-for-stm32.10.3-2021.10.linux64_1.0.0.202111181127/tools/bin/../lib/gcc/arm-none-eabi/10.3.1/thumb/v7e-m+fp/hard/crtn.o
                0x0000000020020000                _estack = 0x20020000
                0x0000000000000200                _Min_Heap_Size = 0x200
                0x0000000000000400                _Min_Stack_Size = 0x400

.isr_vector     0x0000000008000000      0x188
                0x0000000008000000                . = ALIGN (0x4)
 *(.isr_vector)
 .isr_vector    0x0000000008000000      0x188 ./startup/startup_stm32f407xx.o
                0x0000000008000000                g_pfnVectors
                0x0000000008000188                . = ALIGN (0x4)

.text           0x0000000008000188     0x2bb8
                0x0000000008000188                . = ALIGN (0x4)
 *(.text)
 .text          0x0000000008000188       0x40 /home/nikit/Apps/IDE/st-stm32cubeide-1.9.0/plugins/com.st.stm32cube.ide.mcu.externaltools.gnu-tools-for-stm32.10.3-2021.10.linux64_1.0.0.202111181127/tools/bin/../lib/gcc/arm-none-eabi/10.3.1/thumb/v7e-m+fp/hard/crtbegin.o
 .text          0x00000000080001c8       0x10 /home/nikit/Apps/IDE/st-stm32cubeide-1.9.0/plugins/com.st.stm32cube.ide.mcu.externaltools.gnu-tools-for-stm32.10.3-2021.10.linux64_1.0.0.202111181127/tools/bin/../lib/gcc/arm-none-eabi/10.3.1/../../../../arm-none-eabi/lib/thumb/v7e-m+fp/hard/libc_nano.a(lib_a-strlen.o)
                0x00000000080001c8                strlen
 .text          0x00000000080001d8       0x30 /home/nikit/Apps/IDE/st-stm32cubeide-1.9.0/plugins/com.st.stm32cube.ide.mcu.externaltools.gnu-tools-for-stm32.10.3-2021.10.linux64_1.0.0.202111181127/tools/bin/../lib/gcc/arm-none-eabi/10.3.1/thumb/v7e-m+fp/hard/libgcc.a(_aeabi_uldivmod.o)
                0x00000000080001d8                __aeabi_uldivmod
 .text          0x0000000008000208      0x2d0 /home/nikit/Apps/IDE/st-stm32cubeide-1.9.0/plugins/com.st.stm32cube.ide.mcu.externaltools.gnu-tools-for-stm32.10.3-2021.10.linux64_1.0.0.202111181127/tools/bin/../lib/gcc/arm-none-eabi/10.3.1/thumb/v7e-m+fp/hard/libgcc.a(_udivmoddi4.o)
                0x0000000008000208                __udivmoddi4
 .text          0x00000000080004d8        0x4 /home/nikit/Apps/IDE/st-stm32cubeide-1.9.0/plugins/com.st.stm32cube.ide.mcu.externaltools.gnu-tools-for-stm32.10.3-2021.10.linux64_1.0.0.202111181127/tools/bin/../lib/gcc/arm-none-eabi/10.3.1/thumb/v7e-m+fp/hard/libgcc.a(_dvmd_tls.o)
                0x00000000080004d8                __aeabi_ldiv0
                0x00000000080004d8                __aeabi_idiv0
 *(.text*)
 .text.HAL_InitTick
                0x00000000080004dc       0x48 ./Drivers/STM32F4xx_HAL_Driver/Src/stm32f4xx_hal.o
                0x00000000080004dc                HAL_InitTick
 .text.HAL_Init
                0x0000000008000524       0x34 ./Drivers/STM32F4xx_HAL_Driver/Src/stm32f4xx_hal.o
                0x0000000008000524                HAL_Init
 .text.HAL_IncTick
                0x0000000008000558       0x18 ./Drivers/STM32F4xx_HAL_Driver/Src/stm32f4xx_hal.o
                0x0000000008000558                HAL_IncTick
 .text.HAL_GetTick
                0x0000000008000570        0xc ./Drivers/STM32F4xx_HAL_Driver/Src/stm32f4xx_hal.o
                0x0000000008000570                HAL_GetTick
 .text.HAL_Delay
                0x000000000800057c       0x28 ./Drivers/STM32F4xx_HAL_Driver/Src/stm32f4xx_hal.o
                0x000000000800057c                HAL_Delay
 .text.HAL_NVIC_SetPriorityGrouping
                0x00000000080005a4       0x24 ./Drivers/STM32F4xx_HAL_Driver/Src/stm32f4xx_hal_cortex.o
                0x00000000080005a4                HAL_NVIC_SetPriorityGrouping
 .text.HAL_NVIC_SetPriority
                0x00000000080005c8       0x70 ./Drivers/STM32F4xx_HAL_Driver/Src/stm32f4xx_hal_cortex.o
                0x00000000080005c8                HAL_NVIC_SetPriority
 .text.HAL_SYSTICK_Config
                0x0000000008000638       0x28 ./Drivers/STM32F4xx_HAL_Driver/Src/stm32f4xx_hal_cortex.o
                0x0000000008000638                HAL_SYSTICK_Config
 .text.HAL_GPIO_Init
                0x0000000008000660      0x1d0 ./Drivers/STM32F4xx_HAL_Driver/Src/stm32f4xx_hal_gpio.o
                0x0000000008000660                HAL_GPIO_Init
 .text.I2C_IsAcknowledgeFailed
                0x0000000008000830       0x32 ./Drivers/STM32F4xx_HAL_Driver/Src/stm32f4xx_hal_i2c.o
 .text.I2C_WaitOnFlagUntilTimeout
                0x0000000008000862       0x7c ./Drivers/STM32F4xx_HAL_Driver/Src/stm32f4xx_hal_i2c.o
 .text.I2C_WaitOnMasterAddressFlagUntilTimeout
                0x00000000080008de       0xaa ./Drivers/STM32F4xx_HAL_Driver/Src/stm32f4xx_hal_i2c.o
 .text.I2C_WaitOnTXEFlagUntilTimeout
                0x0000000008000988       0x54 ./Drivers/STM32F4xx_HAL_Driver/Src/stm32f4xx_hal_i2c.o
 .text.I2C_RequestMemoryWrite
                0x00000000080009dc       0xd8 ./Drivers/STM32F4xx_HAL_Driver/Src/stm32f4xx_hal_i2c.o
 .text.I2C_RequestMemoryRead
                0x0000000008000ab4      0x154 ./Drivers/STM32F4xx_HAL_Driver/Src/stm32f4xx_hal_i2c.o
 .text.I2C_WaitOnBTFFlagUntilTimeout
                0x0000000008000c08       0x54 ./Drivers/STM32F4xx_HAL_Driver/Src/stm32f4xx_hal_i2c.o
 .text.I2C_WaitOnRXNEFlagUntilTimeout
                0x0000000008000c5c       0x6a ./Drivers/STM32F4xx_HAL_Driver/Src/stm32f4xx_hal_i2c.o
 *fill*         0x0000000008000cc6        0x2 
 .text.HAL_I2C_Init
                0x0000000008000cc8      0x1bc ./Drivers/STM32F4xx_HAL_Driver/Src/stm32f4xx_hal_i2c.o
                0x0000000008000cc8                HAL_I2C_Init
 .text.HAL_I2C_Mem_Write
                0x0000000008000e84      0x164 ./Drivers/STM32F4xx_HAL_Driver/Src/stm32f4xx_hal_i2c.o
                0x0000000008000e84                HAL_I2C_Mem_Write
 .text.HAL_I2C_Mem_Read
                0x0000000008000fe8      0x2e4 ./Drivers/STM32F4xx_HAL_Driver/Src/stm32f4xx_hal_i2c.o
                0x0000000008000fe8                HAL_I2C_Mem_Read
 .text.HAL_RCC_OscConfig
                0x00000000080012cc      0x3ec ./Drivers/STM32F4xx_HAL_Driver/Src/stm32f4xx_hal_rcc.o
                0x00000000080012cc                HAL_RCC_OscConfig
 .text.HAL_RCC_GetSysClockFreq
                0x00000000080016b8       0xa4 ./Drivers/STM32F4xx_HAL_Driver/Src/stm32f4xx_hal_rcc.o
                0x00000000080016b8                HAL_RCC_GetSysClockFreq
 .text.HAL_RCC_ClockConfig
                0x000000000800175c      0x160 ./Drivers/STM32F4xx_HAL_Driver/Src/stm32f4xx_hal_rcc.o
                0x000000000800175c                HAL_RCC_ClockConfig
 .text.HAL_RCC_GetHCLKFreq
                0x00000000080018bc        0xc ./Drivers/STM32F4xx_HAL_Driver/Src/stm32f4xx_hal_rcc.o
                0x00000000080018bc                HAL_RCC_GetHCLKFreq
 .text.HAL_RCC_GetPCLK1Freq
                0x00000000080018c8       0x20 ./Drivers/STM32F4xx_HAL_Driver/Src/stm32f4xx_hal_rcc.o
                0x00000000080018c8                HAL_RCC_GetPCLK1Freq
 .text.HAL_RCC_GetPCLK2Freq
                0x00000000080018e8       0x20 ./Drivers/STM32F4xx_HAL_Driver/Src/stm32f4xx_hal_rcc.o
                0x00000000080018e8                HAL_RCC_GetPCLK2Freq
 .text.TIM_OC1_SetConfig
                0x0000000008001908       0x68 ./Drivers/STM32F4xx_HAL_Driver/Src/stm32f4xx_hal_tim.o
 .text.TIM_OC3_SetConfig
                0x0000000008001970       0x70 ./Drivers/STM32F4xx_HAL_Driver/Src/stm32f4xx_hal_tim.o
 .text.TIM_OC4_SetConfig
                0x00000000080019e0       0x50 ./Drivers/STM32F4xx_HAL_Driver/Src/stm32f4xx_hal_tim.o
 .text.TIM_Base_SetConfig
                0x0000000008001a30       0xc8 ./Drivers/STM32F4xx_HAL_Driver/Src/stm32f4xx_hal_tim.o
                0x0000000008001a30                TIM_Base_SetConfig
 .text.HAL_TIM_PWM_Init
                0x0000000008001af8       0x34 ./Drivers/STM32F4xx_HAL_Driver/Src/stm32f4xx_hal_tim.o
                0x0000000008001af8                HAL_TIM_PWM_Init
 .text.TIM_OC2_SetConfig
                0x0000000008001b2c       0x70 ./Drivers/STM32F4xx_HAL_Driver/Src/stm32f4xx_hal_tim.o
                0x0000000008001b2c                TIM_OC2_SetConfig
 .text.HAL_TIM_PWM_ConfigChannel
                0x0000000008001b9c       0xdc ./Drivers/STM32F4xx_HAL_Driver/Src/stm32f4xx_hal_tim.o
                0x0000000008001b9c                HAL_TIM_PWM_ConfigChannel
 .text.TIM_CCxChannelCmd
                0x0000000008001c78       0x1e ./Drivers/STM32F4xx_HAL_Driver/Src/stm32f4xx_hal_tim.o
                0x0000000008001c78                TIM_CCxChannelCmd
 *fill*         0x0000000008001c96        0x2 
 .text.HAL_TIM_OC_Start
                0x0000000008001c98       0x40 ./Drivers/STM32F4xx_HAL_Driver/Src/stm32f4xx_hal_tim.o
                0x0000000008001c98                HAL_TIM_OC_Start
 .text.HAL_TIMEx_MasterConfigSynchronization
                0x0000000008001cd8       0x8c ./Drivers/STM32F4xx_HAL_Driver/Src/stm32f4xx_hal_tim_ex.o
                0x0000000008001cd8                HAL_TIMEx_MasterConfigSynchronization
 .text.UART_SetConfig
                0x0000000008001d64      0x1d4 ./Drivers/STM32F4xx_HAL_Driver/Src/stm32f4xx_hal_uart.o
 .text.UART_WaitOnFlagUntilTimeout
                0x0000000008001f38       0x6c ./Drivers/STM32F4xx_HAL_Driver/Src/stm32f4xx_hal_uart.o
 .text.HAL_UART_Init
                0x0000000008001fa4       0x5e ./Drivers/STM32F4xx_HAL_Driver/Src/stm32f4xx_hal_uart.o
                0x0000000008001fa4                HAL_UART_Init
 .text.HAL_UART_Transmit
                0x0000000008002002       0xe0 ./Drivers/STM32F4xx_HAL_Driver/Src/stm32f4xx_hal_uart.o
                0x0000000008002002                HAL_UART_Transmit
 *fill*         0x00000000080020e2        0x2 
 .text.Buzzer_Init
                0x00000000080020e4       0x18 ./Src/buzzer.o
                0x00000000080020e4                Buzzer_Init
 .text.Buzzer_Set_Freq
                0x00000000080020fc       0x1e ./Src/buzzer.o
                0x00000000080020fc                Buzzer_Set_Freq
 .text.Buzzer_Set_Volume
                0x000000000800211a        0xe ./Src/buzzer.o
                0x000000000800211a                Buzzer_Set_Volume
 .text.Buzzer_Play
                0x0000000008002128       0x56 ./Src/buzzer.o
                0x0000000008002128                Buzzer_Play
 *fill*         0x000000000800217e        0x2 
 .text.MX_GPIO_Init
                0x0000000008002180       0x60 ./Src/gpio.o
                0x0000000008002180                MX_GPIO_Init
 .text.MX_I2C1_Init
                0x00000000080021e0       0x3c ./Src/i2c.o
                0x00000000080021e0                MX_I2C1_Init
 .text.HAL_I2C_MspInit
                0x000000000800221c       0x74 ./Src/i2c.o
                0x000000000800221c                HAL_I2C_MspInit
 .text.Set_Keyboard
                0x0000000008002290       0x50 ./Src/kb.o
                0x0000000008002290                Set_Keyboard
 .text.Get_Key  0x00000000080022e0       0xd8 ./Src/kb.o
                0x00000000080022e0                Get_Key
 .text.SystemClock_Config
                0x00000000080023b8       0x98 ./Src/main.o
                0x00000000080023b8                SystemClock_Config
 .text.OLED_TIMER
                0x0000000008002450       0x40 ./Src/main.o
                0x0000000008002450                OLED_TIMER
 .text.oled_Reset
                0x0000000008002490       0x16 ./Src/main.o
                0x0000000008002490                oled_Reset
 *fill*         0x00000000080024a6        0x2 
 .text.TIMER_NOW
                0x00000000080024a8      0x240 ./Src/main.o
                0x00000000080024a8                TIMER_NOW
 .text.main     0x00000000080026e8       0x2a ./Src/main.o
                0x00000000080026e8                main
 .text.Error_Handler
                0x0000000008002712        0x2 ./Src/main.o
                0x0000000008002712                Error_Handler
 .text.oled_WriteCommand
                0x0000000008002714       0x2c ./Src/oled.o
 .text.oled_Fill
                0x0000000008002740       0x20 ./Src/oled.o
                0x0000000008002740                oled_Fill
 .text.oled_UpdateScreen
                0x0000000008002760       0x50 ./Src/oled.o
                0x0000000008002760                oled_UpdateScreen
 .text.oled_Init
                0x00000000080027b0       0xd4 ./Src/oled.o
                0x00000000080027b0                oled_Init
 .text.oled_DrawPixel
                0x0000000008002884       0x54 ./Src/oled.o
                0x0000000008002884                oled_DrawPixel
 .text.oled_WriteChar
                0x00000000080028d8       0xb4 ./Src/oled.o
                0x00000000080028d8                oled_WriteChar
 .text.oled_WriteString
                0x000000000800298c       0x2e ./Src/oled.o
                0x000000000800298c                oled_WriteString
 *fill*         0x00000000080029ba        0x2 
 .text.oled_SetCursor
                0x00000000080029bc       0x10 ./Src/oled.o
                0x00000000080029bc                oled_SetCursor
 .text.PCA9538_Read_Register
                0x00000000080029cc       0x24 ./Src/pca9538.o
                0x00000000080029cc                PCA9538_Read_Register
 .text.PCA9538_Write_Register
                0x00000000080029f0       0x28 ./Src/pca9538.o
                0x00000000080029f0                PCA9538_Write_Register
 .text.PCA9538_Read_Inputs
                0x0000000008002a18        0xc ./Src/pca9538.o
                0x0000000008002a18                PCA9538_Read_Inputs
 .text.UART_Transmit
                0x0000000008002a24       0x1c ./Src/sdk_uart.o
                0x0000000008002a24                UART_Transmit
 .text.HAL_MspInit
                0x0000000008002a40       0x38 ./Src/stm32f4xx_hal_msp.o
                0x0000000008002a40                HAL_MspInit
 .text.NMI_Handler
                0x0000000008002a78        0x2 ./Src/stm32f4xx_it.o
                0x0000000008002a78                NMI_Handler
 .text.HardFault_Handler
                0x0000000008002a7a        0x2 ./Src/stm32f4xx_it.o
                0x0000000008002a7a                HardFault_Handler
 .text.MemManage_Handler
                0x0000000008002a7c        0x2 ./Src/stm32f4xx_it.o
                0x0000000008002a7c                MemManage_Handler
 .text.BusFault_Handler
                0x0000000008002a7e        0x2 ./Src/stm32f4xx_it.o
                0x0000000008002a7e                BusFault_Handler
 .text.UsageFault_Handler
                0x0000000008002a80        0x2 ./Src/stm32f4xx_it.o
                0x0000000008002a80                UsageFault_Handler
 .text.SVC_Handler
                0x0000000008002a82        0x2 ./Src/stm32f4xx_it.o
                0x0000000008002a82                SVC_Handler
 .text.DebugMon_Handler
                0x0000000008002a84        0x2 ./Src/stm32f4xx_it.o
                0x0000000008002a84                DebugMon_Handler
 .text.PendSV_Handler
                0x0000000008002a86        0x2 ./Src/stm32f4xx_it.o
                0x0000000008002a86                PendSV_Handler
 .text.SysTick_Handler
                0x0000000008002a88        0x8 ./Src/stm32f4xx_it.o
                0x0000000008002a88                SysTick_Handler
 .text.SystemInit
                0x0000000008002a90       0x4c ./Src/system_stm32f4xx.o
                0x0000000008002a90                SystemInit
 .text.HAL_TIM_PWM_MspInit
                0x0000000008002adc       0x2c ./Src/tim.o
                0x0000000008002adc                HAL_TIM_PWM_MspInit
 .text.HAL_TIM_MspPostInit
                0x0000000008002b08       0x54 ./Src/tim.o
                0x0000000008002b08                HAL_TIM_MspPostInit
 .text.MX_TIM2_Init
                0x0000000008002b5c       0x7c ./Src/tim.o
                0x0000000008002b5c                MX_TIM2_Init
 .text.MX_USART6_UART_Init
                0x0000000008002bd8       0x34 ./Src/usart.o
                0x0000000008002bd8                MX_USART6_UART_Init
 .text.HAL_UART_MspInit
                0x0000000008002c0c       0x70 ./Src/usart.o
                0x0000000008002c0c                HAL_UART_MspInit
 .text.Reset_Handler
                0x0000000008002c7c       0x50 ./startup/startup_stm32f407xx.o
                0x0000000008002c7c                Reset_Handler
 .text.Default_Handler
                0x0000000008002ccc        0x2 ./startup/startup_stm32f407xx.o
                0x0000000008002ccc                RTC_Alarm_IRQHandler
                0x0000000008002ccc                HASH_RNG_IRQHandler
                0x0000000008002ccc                EXTI2_IRQHandler
                0x0000000008002ccc                TIM8_CC_IRQHandler
                0x0000000008002ccc                TIM1_CC_IRQHandler
                0x0000000008002ccc                DMA2_Stream5_IRQHandler
                0x0000000008002ccc                DMA1_Stream5_IRQHandler
                0x0000000008002ccc                PVD_IRQHandler
                0x0000000008002ccc                SDIO_IRQHandler
                0x0000000008002ccc                TAMP_STAMP_IRQHandler
                0x0000000008002ccc                CAN2_RX1_IRQHandler
                0x0000000008002ccc                EXTI3_IRQHandler
                0x0000000008002ccc                TIM8_TRG_COM_TIM14_IRQHandler
                0x0000000008002ccc                TIM1_UP_TIM10_IRQHandler
                0x0000000008002ccc                TIM8_UP_TIM13_IRQHandler
                0x0000000008002ccc                I2C3_ER_IRQHandler
                0x0000000008002ccc                EXTI0_IRQHandler
                0x0000000008002ccc                I2C2_EV_IRQHandler
                0x0000000008002ccc                DMA1_Stream2_IRQHandler
                0x0000000008002ccc                CAN1_RX0_IRQHandler
                0x0000000008002ccc                FPU_IRQHandler
                0x0000000008002ccc                OTG_HS_WKUP_IRQHandler
                0x0000000008002ccc                CAN2_SCE_IRQHandler
                0x0000000008002ccc                DMA2_Stream2_IRQHandler
                0x0000000008002ccc                SPI1_IRQHandler
                0x0000000008002ccc                TIM6_DAC_IRQHandler
                0x0000000008002ccc                TIM1_BRK_TIM9_IRQHandler
                0x0000000008002ccc                DCMI_IRQHandler
                0x0000000008002ccc                CAN2_RX0_IRQHandler
                0x0000000008002ccc                DMA2_Stream3_IRQHandler
                0x0000000008002ccc                USART6_IRQHandler
                0x0000000008002ccc                USART3_IRQHandler
                0x0000000008002ccc                CAN1_RX1_IRQHandler
                0x0000000008002ccc                UART5_IRQHandler
                0x0000000008002ccc                DMA2_Stream0_IRQHandler
                0x0000000008002ccc                TIM4_IRQHandler
                0x0000000008002ccc                I2C1_EV_IRQHandler
                0x0000000008002ccc                DMA1_Stream6_IRQHandler
                0x0000000008002ccc                DMA1_Stream1_IRQHandler
                0x0000000008002ccc                UART4_IRQHandler
                0x0000000008002ccc                TIM3_IRQHandler
                0x0000000008002ccc                RCC_IRQHandler
                0x0000000008002ccc                TIM8_BRK_TIM12_IRQHandler
                0x0000000008002ccc                Default_Handler
                0x0000000008002ccc                EXTI15_10_IRQHandler
                0x0000000008002ccc                ADC_IRQHandler
                0x0000000008002ccc                DMA1_Stream7_IRQHandler
                0x0000000008002ccc                TIM7_IRQHandler
                0x0000000008002ccc                CAN2_TX_IRQHandler
                0x0000000008002ccc                TIM5_IRQHandler
                0x0000000008002ccc                DMA2_Stream7_IRQHandler
                0x0000000008002ccc                I2C3_EV_IRQHandler
                0x0000000008002ccc                EXTI9_5_IRQHandler
                0x0000000008002ccc                RTC_WKUP_IRQHandler
                0x0000000008002ccc                ETH_WKUP_IRQHandler
                0x0000000008002ccc                SPI2_IRQHandler
                0x0000000008002ccc                OTG_HS_EP1_IN_IRQHandler
                0x0000000008002ccc                DMA1_Stream0_IRQHandler
                0x0000000008002ccc                CAN1_TX_IRQHandler
                0x0000000008002ccc                EXTI4_IRQHandler
                0x0000000008002ccc                FSMC_IRQHandler
                0x0000000008002ccc                ETH_IRQHandler
                0x0000000008002ccc                OTG_HS_EP1_OUT_IRQHandler
                0x0000000008002ccc                WWDG_IRQHandler
                0x0000000008002ccc                TIM2_IRQHandler
                0x0000000008002ccc                OTG_FS_WKUP_IRQHandler
                0x0000000008002ccc                TIM1_TRG_COM_TIM11_IRQHandler
                0x0000000008002ccc                OTG_HS_IRQHandler
                0x0000000008002ccc                EXTI1_IRQHandler
                0x0000000008002ccc                USART2_IRQHandler
                0x0000000008002ccc                I2C2_ER_IRQHandler
                0x0000000008002ccc                DMA2_Stream1_IRQHandler
                0x0000000008002ccc                CAN1_SCE_IRQHandler
                0x0000000008002ccc                FLASH_IRQHandler
                0x0000000008002ccc                DMA2_Stream4_IRQHandler
                0x0000000008002ccc                USART1_IRQHandler
                0x0000000008002ccc                OTG_FS_IRQHandler
                0x0000000008002ccc                SPI3_IRQHandler
                0x0000000008002ccc                DMA1_Stream4_IRQHandler
                0x0000000008002ccc                I2C1_ER_IRQHandler
                0x0000000008002ccc                DMA2_Stream6_IRQHandler
                0x0000000008002ccc                DMA1_Stream3_IRQHandler
 *fill*         0x0000000008002cce        0x2 
 .text.__libc_init_array
                0x0000000008002cd0       0x48 /home/nikit/Apps/IDE/st-stm32cubeide-1.9.0/plugins/com.st.stm32cube.ide.mcu.externaltools.gnu-tools-for-stm32.10.3-2021.10.linux64_1.0.0.202111181127/tools/bin/../lib/gcc/arm-none-eabi/10.3.1/../../../../arm-none-eabi/lib/thumb/v7e-m+fp/hard/libc_nano.a(lib_a-init.o)
                0x0000000008002cd0                __libc_init_array
 .text.memset   0x0000000008002d18       0x10 /home/nikit/Apps/IDE/st-stm32cubeide-1.9.0/plugins/com.st.stm32cube.ide.mcu.externaltools.gnu-tools-for-stm32.10.3-2021.10.linux64_1.0.0.202111181127/tools/bin/../lib/gcc/arm-none-eabi/10.3.1/../../../../arm-none-eabi/lib/thumb/v7e-m+fp/hard/libc_nano.a(lib_a-memset.o)
                0x0000000008002d18                memset
 *(.glue_7)
 .glue_7        0x0000000008002d28        0x0 linker stubs
 *(.glue_7t)
 .glue_7t       0x0000000008002d28        0x0 linker stubs
 *(.eh_frame)
 .eh_frame      0x0000000008002d28        0x0 /home/nikit/Apps/IDE/st-stm32cubeide-1.9.0/plugins/com.st.stm32cube.ide.mcu.externaltools.gnu-tools-for-stm32.10.3-2021.10.linux64_1.0.0.202111181127/tools/bin/../lib/gcc/arm-none-eabi/10.3.1/thumb/v7e-m+fp/hard/crtbegin.o
 *(.init)
 .init          0x0000000008002d28        0x4 /home/nikit/Apps/IDE/st-stm32cubeide-1.9.0/plugins/com.st.stm32cube.ide.mcu.externaltools.gnu-tools-for-stm32.10.3-2021.10.linux64_1.0.0.202111181127/tools/bin/../lib/gcc/arm-none-eabi/10.3.1/thumb/v7e-m+fp/hard/crti.o
                0x0000000008002d28                _init
 .init          0x0000000008002d2c        0x8 /home/nikit/Apps/IDE/st-stm32cubeide-1.9.0/plugins/com.st.stm32cube.ide.mcu.externaltools.gnu-tools-for-stm32.10.3-2021.10.linux64_1.0.0.202111181127/tools/bin/../lib/gcc/arm-none-eabi/10.3.1/thumb/v7e-m+fp/hard/crtn.o
 *(.fini)
 .fini          0x0000000008002d34        0x4 /home/nikit/Apps/IDE/st-stm32cubeide-1.9.0/plugins/com.st.stm32cube.ide.mcu.externaltools.gnu-tools-for-stm32.10.3-2021.10.linux64_1.0.0.202111181127/tools/bin/../lib/gcc/arm-none-eabi/10.3.1/thumb/v7e-m+fp/hard/crti.o
                0x0000000008002d34                _fini
 .fini          0x0000000008002d38        0x8 /home/nikit/Apps/IDE/st-stm32cubeide-1.9.0/plugins/com.st.stm32cube.ide.mcu.externaltools.gnu-tools-for-stm32.10.3-2021.10.linux64_1.0.0.202111181127/tools/bin/../lib/gcc/arm-none-eabi/10.3.1/thumb/v7e-m+fp/hard/crtn.o
                0x0000000008002d40                . = ALIGN (0x4)
                0x0000000008002d40                _etext = .

.vfp11_veneer   0x0000000008002d40        0x0
 .vfp11_veneer  0x0000000008002d40        0x0 linker stubs

.v4_bx          0x0000000008002d40        0x0
 .v4_bx         0x0000000008002d40        0x0 linker stubs

.iplt           0x0000000008002d40        0x0
 .iplt          0x0000000008002d40        0x0 /home/nikit/Apps/IDE/st-stm32cubeide-1.9.0/plugins/com.st.stm32cube.ide.mcu.externaltools.gnu-tools-for-stm32.10.3-2021.10.linux64_1.0.0.202111181127/tools/bin/../lib/gcc/arm-none-eabi/10.3.1/thumb/v7e-m+fp/hard/crtbegin.o

.rodata         0x0000000008002d40     0x291c
                0x0000000008002d40                . = ALIGN (0x4)
 *(.rodata)
 .rodata        0x0000000008002d40     0x2814 ./Src/fonts.o
 .rodata        0x0000000008005554       0x18 ./Src/system_stm32f4xx.o
                0x0000000008005554                AHBPrescTable
                0x0000000008005564                APBPrescTable
 *(.rodata*)
 .rodata.str1.4
                0x000000000800556c       0x60 ./Src/kb.o
 .rodata.str1.4
                0x00000000080055cc       0x8d ./Src/main.o
                0x000000000800565c                . = ALIGN (0x4)
 *fill*         0x0000000008005659        0x3 

.ARM.extab
 *(.ARM.extab* .gnu.linkonce.armextab.*)

.ARM            0x000000000800565c        0x8
                0x000000000800565c                __exidx_start = .
 *(.ARM.exidx*)
 .ARM.exidx     0x000000000800565c        0x8 /home/nikit/Apps/IDE/st-stm32cubeide-1.9.0/plugins/com.st.stm32cube.ide.mcu.externaltools.gnu-tools-for-stm32.10.3-2021.10.linux64_1.0.0.202111181127/tools/bin/../lib/gcc/arm-none-eabi/10.3.1/thumb/v7e-m+fp/hard/libgcc.a(_udivmoddi4.o)
                0x0000000008005664                __exidx_end = .

.rel.dyn        0x0000000008005664        0x0
 .rel.iplt      0x0000000008005664        0x0 /home/nikit/Apps/IDE/st-stm32cubeide-1.9.0/plugins/com.st.stm32cube.ide.mcu.externaltools.gnu-tools-for-stm32.10.3-2021.10.linux64_1.0.0.202111181127/tools/bin/../lib/gcc/arm-none-eabi/10.3.1/thumb/v7e-m+fp/hard/crtbegin.o

.preinit_array  0x0000000008005664        0x0
                0x0000000008005664                PROVIDE (__preinit_array_start = .)
 *(.preinit_array*)
                0x0000000008005664                PROVIDE (__preinit_array_end = .)

.init_array     0x0000000008005664        0x4
                0x0000000008005664                PROVIDE (__init_array_start = .)
 *(SORT_BY_NAME(.init_array.*))
 *(.init_array*)
 .init_array    0x0000000008005664        0x4 /home/nikit/Apps/IDE/st-stm32cubeide-1.9.0/plugins/com.st.stm32cube.ide.mcu.externaltools.gnu-tools-for-stm32.10.3-2021.10.linux64_1.0.0.202111181127/tools/bin/../lib/gcc/arm-none-eabi/10.3.1/thumb/v7e-m+fp/hard/crtbegin.o
                0x0000000008005668                PROVIDE (__init_array_end = .)

.fini_array     0x0000000008005668        0x4
                [!provide]                        PROVIDE (__fini_array_start = .)
 *(SORT_BY_NAME(.fini_array.*))
 *(.fini_array*)
 .fini_array    0x0000000008005668        0x4 /home/nikit/Apps/IDE/st-stm32cubeide-1.9.0/plugins/com.st.stm32cube.ide.mcu.externaltools.gnu-tools-for-stm32.10.3-2021.10.linux64_1.0.0.202111181127/tools/bin/../lib/gcc/arm-none-eabi/10.3.1/thumb/v7e-m+fp/hard/crtbegin.o
                [!provide]                        PROVIDE (__fini_array_end = .)
                0x000000000800566c                _sidata = LOADADDR (.data)

.data           0x0000000020000000      0xae4 load address 0x000000000800566c
                0x0000000020000000                . = ALIGN (0x4)
                0x0000000020000000                _sdata = .
 *(.data)
 .data          0x0000000020000000        0x8 ./Drivers/STM32F4xx_HAL_Driver/Src/stm32f4xx_hal.o
                0x0000000020000000                uwTickFreq
                0x0000000020000004                uwTickPrio
 .data          0x0000000020000008       0x18 ./Src/fonts.o
                0x0000000020000008                Font_16x26
                0x0000000020000010                Font_11x18
                0x0000000020000018                Font_7x10
 .data          0x0000000020000020      0xac0 ./Src/main.o
                0x0000000020000020                megalovania_delays
                0x0000000020000580                megalovania_melody
 .data          0x0000000020000ae0        0x4 ./Src/system_stm32f4xx.o
                0x0000000020000ae0                SystemCoreClock
 *(.data*)
                0x0000000020000ae4                . = ALIGN (0x4)
                0x0000000020000ae4                _edata = .
                0x0000000008006150                _siccmram = LOADADDR (.ccmram)

.igot.plt       0x0000000020000ae4        0x0 load address 0x0000000008006150
 .igot.plt      0x0000000020000ae4        0x0 /home/nikit/Apps/IDE/st-stm32cubeide-1.9.0/plugins/com.st.stm32cube.ide.mcu.externaltools.gnu-tools-for-stm32.10.3-2021.10.linux64_1.0.0.202111181127/tools/bin/../lib/gcc/arm-none-eabi/10.3.1/thumb/v7e-m+fp/hard/crtbegin.o

.ccmram         0x0000000010000000        0x0 load address 0x0000000008006150
                0x0000000010000000                . = ALIGN (0x4)
                0x0000000010000000                _sccmram = .
 *(.ccmram)
 *(.ccmram*)
                0x0000000010000000                . = ALIGN (0x4)
                0x0000000010000000                _eccmram = .
                0x0000000010000000                . = ALIGN (0x4)

.bss            0x0000000020000ae4      0x4fc
                0x0000000020000ae4                _sbss = .
                0x0000000020000ae4                __bss_start__ = _sbss
 *(.bss)
 .bss           0x0000000020000ae4       0x1c /home/nikit/Apps/IDE/st-stm32cubeide-1.9.0/plugins/com.st.stm32cube.ide.mcu.externaltools.gnu-tools-for-stm32.10.3-2021.10.linux64_1.0.0.202111181127/tools/bin/../lib/gcc/arm-none-eabi/10.3.1/thumb/v7e-m+fp/hard/crtbegin.o
 .bss           0x0000000020000b00        0x4 ./Drivers/STM32F4xx_HAL_Driver/Src/stm32f4xx_hal.o
                0x0000000020000b00                uwTick
 .bss           0x0000000020000b04       0x54 ./Src/i2c.o
                0x0000000020000b04                hi2c1
 .bss           0x0000000020000b58      0x406 ./Src/oled.o
 *fill*         0x0000000020000f5e        0x2 
 .bss           0x0000000020000f60       0x40 ./Src/tim.o
                0x0000000020000f60                htim2
 .bss           0x0000000020000fa0       0x40 ./Src/usart.o
                0x0000000020000fa0                huart6
 *(.bss*)
 *(COMMON)
                0x0000000020000fe0                . = ALIGN (0x4)
                0x0000000020000fe0                _ebss = .
                0x0000000020000fe0                __bss_end__ = _ebss

._user_heap_stack
                0x0000000020000fe0      0x600
                0x0000000020000fe0                . = ALIGN (0x8)
                0x0000000020000fe0                PROVIDE (end = .)
                [!provide]                        PROVIDE (_end = .)
                0x00000000200011e0                . = (. + _Min_Heap_Size)
 *fill*         0x0000000020000fe0      0x200 
                0x00000000200015e0                . = (. + _Min_Stack_Size)
 *fill*         0x00000000200011e0      0x400 
                0x00000000200015e0                . = ALIGN (0x8)

/DISCARD/
 libc.a(*)
 libm.a(*)
 libgcc.a(*)

.ARM.attributes
                0x0000000000000000       0x30
 *(.ARM.attributes)
 .ARM.attributes
                0x0000000000000000       0x1e /home/nikit/Apps/IDE/st-stm32cubeide-1.9.0/plugins/com.st.stm32cube.ide.mcu.externaltools.gnu-tools-for-stm32.10.3-2021.10.linux64_1.0.0.202111181127/tools/bin/../lib/gcc/arm-none-eabi/10.3.1/thumb/v7e-m+fp/hard/crti.o
 .ARM.attributes
                0x000000000000001e       0x34 /home/nikit/Apps/IDE/st-stm32cubeide-1.9.0/plugins/com.st.stm32cube.ide.mcu.externaltools.gnu-tools-for-stm32.10.3-2021.10.linux64_1.0.0.202111181127/tools/bin/../lib/gcc/arm-none-eabi/10.3.1/thumb/v7e-m+fp/hard/crtbegin.o
 .ARM.attributes
                0x0000000000000052       0x34 ./Drivers/STM32F4xx_HAL_Driver/Src/stm32f4xx_hal.o
 .ARM.attributes
                0x0000000000000086       0x34 ./Drivers/STM32F4xx_HAL_Driver/Src/stm32f4xx_hal_cortex.o
 .ARM.attributes
                0x00000000000000ba       0x34 ./Drivers/STM32F4xx_HAL_Driver/Src/stm32f4xx_hal_gpio.o
 .ARM.attributes
                0x00000000000000ee       0x34 ./Drivers/STM32F4xx_HAL_Driver/Src/stm32f4xx_hal_i2c.o
 .ARM.attributes
                0x0000000000000122       0x34 ./Drivers/STM32F4xx_HAL_Driver/Src/stm32f4xx_hal_rcc.o
 .ARM.attributes
                0x0000000000000156       0x34 ./Drivers/STM32F4xx_HAL_Driver/Src/stm32f4xx_hal_tim.o
 .ARM.attributes
                0x000000000000018a       0x34 ./Drivers/STM32F4xx_HAL_Driver/Src/stm32f4xx_hal_tim_ex.o
 .ARM.attributes
                0x00000000000001be       0x34 ./Drivers/STM32F4xx_HAL_Driver/Src/stm32f4xx_hal_uart.o
 .ARM.attributes
                0x00000000000001f2       0x34 ./Src/buzzer.o
 .ARM.attributes
                0x0000000000000226       0x34 ./Src/fonts.o
 .ARM.attributes
                0x000000000000025a       0x34 ./Src/gpio.o
 .ARM.attributes
                0x000000000000028e       0x34 ./Src/i2c.o
 .ARM.attributes
                0x00000000000002c2       0x34 ./Src/kb.o
 .ARM.attributes
                0x00000000000002f6       0x34 ./Src/main.o
 .ARM.attributes
                0x000000000000032a       0x34 ./Src/oled.o
 .ARM.attributes
                0x000000000000035e       0x34 ./Src/pca9538.o
 .ARM.attributes
                0x0000000000000392       0x34 ./Src/sdk_uart.o
 .ARM.attributes
                0x00000000000003c6       0x34 ./Src/stm32f4xx_hal_msp.o
 .ARM.attributes
                0x00000000000003fa       0x34 ./Src/stm32f4xx_it.o
 .ARM.attributes
                0x000000000000042e       0x34 ./Src/system_stm32f4xx.o
 .ARM.attributes
                0x0000000000000462       0x34 ./Src/tim.o
 .ARM.attributes
                0x0000000000000496       0x34 ./Src/usart.o
 .ARM.attributes
                0x00000000000004ca       0x21 ./startup/startup_stm32f407xx.o
 .ARM.attributes
                0x00000000000004eb       0x34 /home/nikit/Apps/IDE/st-stm32cubeide-1.9.0/plugins/com.st.stm32cube.ide.mcu.externaltools.gnu-tools-for-stm32.10.3-2021.10.linux64_1.0.0.202111181127/tools/bin/../lib/gcc/arm-none-eabi/10.3.1/../../../../arm-none-eabi/lib/thumb/v7e-m+fp/hard/libc_nano.a(lib_a-init.o)
 .ARM.attributes
                0x000000000000051f       0x34 /home/nikit/Apps/IDE/st-stm32cubeide-1.9.0/plugins/com.st.stm32cube.ide.mcu.externaltools.gnu-tools-for-stm32.10.3-2021.10.linux64_1.0.0.202111181127/tools/bin/../lib/gcc/arm-none-eabi/10.3.1/../../../../arm-none-eabi/lib/thumb/v7e-m+fp/hard/libc_nano.a(lib_a-memset.o)
 .ARM.attributes
                0x0000000000000553       0x17 /home/nikit/Apps/IDE/st-stm32cubeide-1.9.0/plugins/com.st.stm32cube.ide.mcu.externaltools.gnu-tools-for-stm32.10.3-2021.10.linux64_1.0.0.202111181127/tools/bin/../lib/gcc/arm-none-eabi/10.3.1/../../../../arm-none-eabi/lib/thumb/v7e-m+fp/hard/libc_nano.a(lib_a-strlen.o)
 .ARM.attributes
                0x000000000000056a       0x1e /home/nikit/Apps/IDE/st-stm32cubeide-1.9.0/plugins/com.st.stm32cube.ide.mcu.externaltools.gnu-tools-for-stm32.10.3-2021.10.linux64_1.0.0.202111181127/tools/bin/../lib/gcc/arm-none-eabi/10.3.1/thumb/v7e-m+fp/hard/libgcc.a(_aeabi_uldivmod.o)
 .ARM.attributes
                0x0000000000000588       0x34 /home/nikit/Apps/IDE/st-stm32cubeide-1.9.0/plugins/com.st.stm32cube.ide.mcu.externaltools.gnu-tools-for-stm32.10.3-2021.10.linux64_1.0.0.202111181127/tools/bin/../lib/gcc/arm-none-eabi/10.3.1/thumb/v7e-m+fp/hard/libgcc.a(_udivmoddi4.o)
 .ARM.attributes
                0x00000000000005bc       0x1e /home/nikit/Apps/IDE/st-stm32cubeide-1.9.0/plugins/com.st.stm32cube.ide.mcu.externaltools.gnu-tools-for-stm32.10.3-2021.10.linux64_1.0.0.202111181127/tools/bin/../lib/gcc/arm-none-eabi/10.3.1/thumb/v7e-m+fp/hard/libgcc.a(_dvmd_tls.o)
 .ARM.attributes
                0x00000000000005da       0x1e /home/nikit/Apps/IDE/st-stm32cubeide-1.9.0/plugins/com.st.stm32cube.ide.mcu.externaltools.gnu-tools-for-stm32.10.3-2021.10.linux64_1.0.0.202111181127/tools/bin/../lib/gcc/arm-none-eabi/10.3.1/thumb/v7e-m+fp/hard/crtn.o
OUTPUT(SDK_Keyboard.elf elf32-littlearm)
LOAD linker stubs
LOAD /home/nikit/Apps/IDE/st-stm32cubeide-1.9.0/plugins/com.st.stm32cube.ide.mcu.externaltools.gnu-tools-for-stm32.10.3-2021.10.linux64_1.0.0.202111181127/tools/bin/../lib/gcc/arm-none-eabi/10.3.1/../../../../arm-none-eabi/lib/thumb/v7e-m+fp/hard/libc.a
LOAD /home/nikit/Apps/IDE/st-stm32cubeide-1.9.0/plugins/com.st.stm32cube.ide.mcu.externaltools.gnu-tools-for-stm32.10.3-2021.10.linux64_1.0.0.202111181127/tools/bin/../lib/gcc/arm-none-eabi/10.3.1/../../../../arm-none-eabi/lib/thumb/v7e-m+fp/hard/libm.a
LOAD /home/nikit/Apps/IDE/st-stm32cubeide-1.9.0/plugins/com.st.stm32cube.ide.mcu.externaltools.gnu-tools-for-stm32.10.3-2021.10.linux64_1.0.0.202111181127/tools/bin/../lib/gcc/arm-none-eabi/10.3.1/thumb/v7e-m+fp/hard/libgcc.a

.debug_info     0x0000000000000000    0x132a9
 .debug_info    0x0000000000000000      0xa1c ./Drivers/STM32F4xx_HAL_Driver/Src/stm32f4xx_hal.o
 .debug_info    0x0000000000000a1c     0x109c ./Drivers/STM32F4xx_HAL_Driver/Src/stm32f4xx_hal_cortex.o
 .debug_info    0x0000000000001ab8      0x79f ./Drivers/STM32F4xx_HAL_Driver/Src/stm32f4xx_hal_gpio.o
 .debug_info    0x0000000000002257     0x3882 ./Drivers/STM32F4xx_HAL_Driver/Src/stm32f4xx_hal_i2c.o
 .debug_info    0x0000000000005ad9      0xb28 ./Drivers/STM32F4xx_HAL_Driver/Src/stm32f4xx_hal_rcc.o
 .debug_info    0x0000000000006601     0x362e ./Drivers/STM32F4xx_HAL_Driver/Src/stm32f4xx_hal_tim.o
 .debug_info    0x0000000000009c2f     0x16d8 ./Drivers/STM32F4xx_HAL_Driver/Src/stm32f4xx_hal_tim_ex.o
 .debug_info    0x000000000000b307     0x1941 ./Drivers/STM32F4xx_HAL_Driver/Src/stm32f4xx_hal_uart.o
 .debug_info    0x000000000000cc48      0x7bd ./Src/buzzer.o
 .debug_info    0x000000000000d405      0x1b5 ./Src/fonts.o
 .debug_info    0x000000000000d5ba      0x2e2 ./Src/gpio.o
 .debug_info    0x000000000000d89c      0xa8c ./Src/i2c.o
 .debug_info    0x000000000000e328      0x408 ./Src/kb.o
 .debug_info    0x000000000000e730      0xd6d ./Src/main.o
 .debug_info    0x000000000000f49d      0xee7 ./Src/oled.o
 .debug_info    0x0000000000010384      0x982 ./Src/pca9538.o
 .debug_info    0x0000000000010d06      0x6e0 ./Src/sdk_uart.o
 .debug_info    0x00000000000113e6      0x2a8 ./Src/stm32f4xx_hal_msp.o
 .debug_info    0x000000000001168e      0x12f ./Src/stm32f4xx_it.o
 .debug_info    0x00000000000117bd      0x53c ./Src/system_stm32f4xx.o
 .debug_info    0x0000000000011cf9      0xbb6 ./Src/tim.o
 .debug_info    0x00000000000128af      0x9d8 ./Src/usart.o
 .debug_info    0x0000000000013287       0x22 ./startup/startup_stm32f407xx.o

.debug_abbrev   0x0000000000000000     0x2b39
 .debug_abbrev  0x0000000000000000      0x245 ./Drivers/STM32F4xx_HAL_Driver/Src/stm32f4xx_hal.o
 .debug_abbrev  0x0000000000000245      0x36d ./Drivers/STM32F4xx_HAL_Driver/Src/stm32f4xx_hal_cortex.o
 .debug_abbrev  0x00000000000005b2      0x1f2 ./Drivers/STM32F4xx_HAL_Driver/Src/stm32f4xx_hal_gpio.o
 .debug_abbrev  0x00000000000007a4      0x2b9 ./Drivers/STM32F4xx_HAL_Driver/Src/stm32f4xx_hal_i2c.o
 .debug_abbrev  0x0000000000000a5d      0x2c2 ./Drivers/STM32F4xx_HAL_Driver/Src/stm32f4xx_hal_rcc.o
 .debug_abbrev  0x0000000000000d1f      0x263 ./Drivers/STM32F4xx_HAL_Driver/Src/stm32f4xx_hal_tim.o
 .debug_abbrev  0x0000000000000f82      0x25d ./Drivers/STM32F4xx_HAL_Driver/Src/stm32f4xx_hal_tim_ex.o
 .debug_abbrev  0x00000000000011df      0x292 ./Drivers/STM32F4xx_HAL_Driver/Src/stm32f4xx_hal_uart.o
 .debug_abbrev  0x0000000000001471      0x213 ./Src/buzzer.o
 .debug_abbrev  0x0000000000001684       0xad ./Src/fonts.o
 .debug_abbrev  0x0000000000001731       0xd4 ./Src/gpio.o
 .debug_abbrev  0x0000000000001805      0x209 ./Src/i2c.o
 .debug_abbrev  0x0000000000001a0e      0x159 ./Src/kb.o
 .debug_abbrev  0x0000000000001b67      0x2ff ./Src/main.o
 .debug_abbrev  0x0000000000001e66      0x241 ./Src/oled.o
 .debug_abbrev  0x00000000000020a7      0x200 ./Src/pca9538.o
 .debug_abbrev  0x00000000000022a7      0x1d0 ./Src/sdk_uart.o
 .debug_abbrev  0x0000000000002477       0xd4 ./Src/stm32f4xx_hal_msp.o
 .debug_abbrev  0x000000000000254b       0x81 ./Src/stm32f4xx_it.o
 .debug_abbrev  0x00000000000025cc      0x11c ./Src/system_stm32f4xx.o
 .debug_abbrev  0x00000000000026e8      0x236 ./Src/tim.o
 .debug_abbrev  0x000000000000291e      0x209 ./Src/usart.o
 .debug_abbrev  0x0000000000002b27       0x12 ./startup/startup_stm32f407xx.o

.debug_loc      0x0000000000000000     0xce00
 .debug_loc     0x0000000000000000      0x141 ./Drivers/STM32F4xx_HAL_Driver/Src/stm32f4xx_hal.o
 .debug_loc     0x0000000000000141      0x744 ./Drivers/STM32F4xx_HAL_Driver/Src/stm32f4xx_hal_cortex.o
 .debug_loc     0x0000000000000885      0x4ff ./Drivers/STM32F4xx_HAL_Driver/Src/stm32f4xx_hal_gpio.o
 .debug_loc     0x0000000000000d84     0x3dff ./Drivers/STM32F4xx_HAL_Driver/Src/stm32f4xx_hal_i2c.o
 .debug_loc     0x0000000000004b83      0x58c ./Drivers/STM32F4xx_HAL_Driver/Src/stm32f4xx_hal_rcc.o
 .debug_loc     0x000000000000510f     0x3b0c ./Drivers/STM32F4xx_HAL_Driver/Src/stm32f4xx_hal_tim.o
 .debug_loc     0x0000000000008c1b     0x115d ./Drivers/STM32F4xx_HAL_Driver/Src/stm32f4xx_hal_tim_ex.o
 .debug_loc     0x0000000000009d78     0x18b6 ./Drivers/STM32F4xx_HAL_Driver/Src/stm32f4xx_hal_uart.o
 .debug_loc     0x000000000000b62e       0xd3 ./Src/buzzer.o
 .debug_loc     0x000000000000b701       0x67 ./Src/i2c.o
 .debug_loc     0x000000000000b768      0x41f ./Src/kb.o
 .debug_loc     0x000000000000bb87      0x8f0 ./Src/main.o
 .debug_loc     0x000000000000c477      0x425 ./Src/oled.o
 .debug_loc     0x000000000000c89c      0x29a ./Src/pca9538.o
 .debug_loc     0x000000000000cb36       0xac ./Src/sdk_uart.o
 .debug_loc     0x000000000000cbe2      0x158 ./Src/system_stm32f4xx.o
 .debug_loc     0x000000000000cd3a       0x42 ./Src/tim.o
 .debug_loc     0x000000000000cd7c       0x84 ./Src/usart.o

.debug_aranges  0x0000000000000000      0xf10
 .debug_aranges
                0x0000000000000000       0xf0 ./Drivers/STM32F4xx_HAL_Driver/Src/stm32f4xx_hal.o
 .debug_aranges
                0x00000000000000f0       0xa8 ./Drivers/STM32F4xx_HAL_Driver/Src/stm32f4xx_hal_cortex.o
 .debug_aranges
                0x0000000000000198       0x58 ./Drivers/STM32F4xx_HAL_Driver/Src/stm32f4xx_hal_gpio.o
 .debug_aranges
                0x00000000000001f0      0x298 ./Drivers/STM32F4xx_HAL_Driver/Src/stm32f4xx_hal_i2c.o
 .debug_aranges
                0x0000000000000488       0x88 ./Drivers/STM32F4xx_HAL_Driver/Src/stm32f4xx_hal_rcc.o
 .debug_aranges
                0x0000000000000510      0x3a8 ./Drivers/STM32F4xx_HAL_Driver/Src/stm32f4xx_hal_tim.o
 .debug_aranges
                0x00000000000008b8      0x150 ./Drivers/STM32F4xx_HAL_Driver/Src/stm32f4xx_hal_tim_ex.o
 .debug_aranges
                0x0000000000000a08      0x1d0 ./Drivers/STM32F4xx_HAL_Driver/Src/stm32f4xx_hal_uart.o
 .debug_aranges
                0x0000000000000bd8       0x38 ./Src/buzzer.o
 .debug_aranges
                0x0000000000000c10       0x18 ./Src/fonts.o
 .debug_aranges
                0x0000000000000c28       0x20 ./Src/gpio.o
 .debug_aranges
                0x0000000000000c48       0x30 ./Src/i2c.o
 .debug_aranges
                0x0000000000000c78       0x30 ./Src/kb.o
 .debug_aranges
                0x0000000000000ca8       0x58 ./Src/main.o
 .debug_aranges
                0x0000000000000d00       0x70 ./Src/oled.o
 .debug_aranges
                0x0000000000000d70       0x40 ./Src/pca9538.o
 .debug_aranges
                0x0000000000000db0       0x28 ./Src/sdk_uart.o
 .debug_aranges
                0x0000000000000dd8       0x20 ./Src/stm32f4xx_hal_msp.o
 .debug_aranges
                0x0000000000000df8       0x60 ./Src/stm32f4xx_it.o
 .debug_aranges
                0x0000000000000e58       0x28 ./Src/system_stm32f4xx.o
 .debug_aranges
                0x0000000000000e80       0x38 ./Src/tim.o
 .debug_aranges
                0x0000000000000eb8       0x30 ./Src/usart.o
 .debug_aranges
                0x0000000000000ee8       0x28 ./startup/startup_stm32f407xx.o

.debug_ranges   0x0000000000000000      0xe68
 .debug_ranges  0x0000000000000000       0xe0 ./Drivers/STM32F4xx_HAL_Driver/Src/stm32f4xx_hal.o
 .debug_ranges  0x00000000000000e0       0xf8 ./Drivers/STM32F4xx_HAL_Driver/Src/stm32f4xx_hal_cortex.o
 .debug_ranges  0x00000000000001d8       0x48 ./Drivers/STM32F4xx_HAL_Driver/Src/stm32f4xx_hal_gpio.o
 .debug_ranges  0x0000000000000220      0x2a0 ./Drivers/STM32F4xx_HAL_Driver/Src/stm32f4xx_hal_i2c.o
 .debug_ranges  0x00000000000004c0       0x90 ./Drivers/STM32F4xx_HAL_Driver/Src/stm32f4xx_hal_rcc.o
 .debug_ranges  0x0000000000000550      0x398 ./Drivers/STM32F4xx_HAL_Driver/Src/stm32f4xx_hal_tim.o
 .debug_ranges  0x00000000000008e8      0x140 ./Drivers/STM32F4xx_HAL_Driver/Src/stm32f4xx_hal_tim_ex.o
 .debug_ranges  0x0000000000000a28      0x1c0 ./Drivers/STM32F4xx_HAL_Driver/Src/stm32f4xx_hal_uart.o
 .debug_ranges  0x0000000000000be8       0x28 ./Src/buzzer.o
 .debug_ranges  0x0000000000000c10       0x10 ./Src/gpio.o
 .debug_ranges  0x0000000000000c20       0x20 ./Src/i2c.o
 .debug_ranges  0x0000000000000c40       0x20 ./Src/kb.o
 .debug_ranges  0x0000000000000c60       0x80 ./Src/main.o
 .debug_ranges  0x0000000000000ce0       0x60 ./Src/oled.o
 .debug_ranges  0x0000000000000d40       0x30 ./Src/pca9538.o
 .debug_ranges  0x0000000000000d70       0x18 ./Src/sdk_uart.o
 .debug_ranges  0x0000000000000d88       0x10 ./Src/stm32f4xx_hal_msp.o
 .debug_ranges  0x0000000000000d98       0x50 ./Src/stm32f4xx_it.o
 .debug_ranges  0x0000000000000de8       0x18 ./Src/system_stm32f4xx.o
 .debug_ranges  0x0000000000000e00       0x28 ./Src/tim.o
 .debug_ranges  0x0000000000000e28       0x20 ./Src/usart.o
 .debug_ranges  0x0000000000000e48       0x20 ./startup/startup_stm32f407xx.o

.debug_macro    0x0000000000000000    0x22443
 .debug_macro   0x0000000000000000      0x248 ./Drivers/STM32F4xx_HAL_Driver/Src/stm32f4xx_hal.o
 .debug_macro   0x0000000000000248      0xa7e ./Drivers/STM32F4xx_HAL_Driver/Src/stm32f4xx_hal.o
 .debug_macro   0x0000000000000cc6      0x190 ./Drivers/STM32F4xx_HAL_Driver/Src/stm32f4xx_hal.o
 .debug_macro   0x0000000000000e56       0x32 ./Drivers/STM32F4xx_HAL_Driver/Src/stm32f4xx_hal.o
 .debug_macro   0x0000000000000e88       0x2f ./Drivers/STM32F4xx_HAL_Driver/Src/stm32f4xx_hal.o
 .debug_macro   0x0000000000000eb7       0x22 ./Drivers/STM32F4xx_HAL_Driver/Src/stm32f4xx_hal.o
 .debug_macro   0x0000000000000ed9       0x8e ./Drivers/STM32F4xx_HAL_Driver/Src/stm32f4xx_hal.o
 .debug_macro   0x0000000000000f67       0x51 ./Drivers/STM32F4xx_HAL_Driver/Src/stm32f4xx_hal.o
 .debug_macro   0x0000000000000fb8      0x103 ./Drivers/STM32F4xx_HAL_Driver/Src/stm32f4xx_hal.o
 .debug_macro   0x00000000000010bb       0x6a ./Drivers/STM32F4xx_HAL_Driver/Src/stm32f4xx_hal.o
 .debug_macro   0x0000000000001125      0x1df ./Drivers/STM32F4xx_HAL_Driver/Src/stm32f4xx_hal.o
 .debug_macro   0x0000000000001304       0x1c ./Drivers/STM32F4xx_HAL_Driver/Src/stm32f4xx_hal.o
 .debug_macro   0x0000000000001320       0x22 ./Drivers/STM32F4xx_HAL_Driver/Src/stm32f4xx_hal.o
 .debug_macro   0x0000000000001342       0xd9 ./Drivers/STM32F4xx_HAL_Driver/Src/stm32f4xx_hal.o
 .debug_macro   0x000000000000141b     0x102d ./Drivers/STM32F4xx_HAL_Driver/Src/stm32f4xx_hal.o
 .debug_macro   0x0000000000002448      0x11f ./Drivers/STM32F4xx_HAL_Driver/Src/stm32f4xx_hal.o
 .debug_macro   0x0000000000002567    0x15e3c ./Drivers/STM32F4xx_HAL_Driver/Src/stm32f4xx_hal.o
 .debug_macro   0x00000000000183a3       0x43 ./Drivers/STM32F4xx_HAL_Driver/Src/stm32f4xx_hal.o
 .debug_macro   0x00000000000183e6     0x3652 ./Drivers/STM32F4xx_HAL_Driver/Src/stm32f4xx_hal.o
 .debug_macro   0x000000000001ba38      0x174 ./Drivers/STM32F4xx_HAL_Driver/Src/stm32f4xx_hal.o
 .debug_macro   0x000000000001bbac       0x4e ./Drivers/STM32F4xx_HAL_Driver/Src/stm32f4xx_hal.o
 .debug_macro   0x000000000001bbfa      0x96b ./Drivers/STM32F4xx_HAL_Driver/Src/stm32f4xx_hal.o
 .debug_macro   0x000000000001c565      0x9fe ./Drivers/STM32F4xx_HAL_Driver/Src/stm32f4xx_hal.o
 .debug_macro   0x000000000001cf63      0x174 ./Drivers/STM32F4xx_HAL_Driver/Src/stm32f4xx_hal.o
 .debug_macro   0x000000000001d0d7      0x117 ./Drivers/STM32F4xx_HAL_Driver/Src/stm32f4xx_hal.o
 .debug_macro   0x000000000001d1ee      0x13e ./Drivers/STM32F4xx_HAL_Driver/Src/stm32f4xx_hal.o
 .debug_macro   0x000000000001d32c       0x27 ./Drivers/STM32F4xx_HAL_Driver/Src/stm32f4xx_hal.o
 .debug_macro   0x000000000001d353      0x287 ./Drivers/STM32F4xx_HAL_Driver/Src/stm32f4xx_hal.o
 .debug_macro   0x000000000001d5da       0x5f ./Drivers/STM32F4xx_HAL_Driver/Src/stm32f4xx_hal.o
 .debug_macro   0x000000000001d639      0x236 ./Drivers/STM32F4xx_HAL_Driver/Src/stm32f4xx_hal.o
 .debug_macro   0x000000000001d86f      0x12c ./Drivers/STM32F4xx_HAL_Driver/Src/stm32f4xx_hal.o
 .debug_macro   0x000000000001d99b      0x21e ./Drivers/STM32F4xx_HAL_Driver/Src/stm32f4xx_hal.o
 .debug_macro   0x000000000001dbb9       0x2e ./Drivers/STM32F4xx_HAL_Driver/Src/stm32f4xx_hal.o
 .debug_macro   0x000000000001dbe7      0x1b5 ./Drivers/STM32F4xx_HAL_Driver/Src/stm32f4xx_hal.o
 .debug_macro   0x000000000001dd9c       0xd6 ./Drivers/STM32F4xx_HAL_Driver/Src/stm32f4xx_hal.o
 .debug_macro   0x000000000001de72      0x11a ./Drivers/STM32F4xx_HAL_Driver/Src/stm32f4xx_hal.o
 .debug_macro   0x000000000001df8c       0x7e ./Drivers/STM32F4xx_HAL_Driver/Src/stm32f4xx_hal.o
 .debug_macro   0x000000000001e00a       0x89 ./Drivers/STM32F4xx_HAL_Driver/Src/stm32f4xx_hal.o
 .debug_macro   0x000000000001e093      0x8a0 ./Drivers/STM32F4xx_HAL_Driver/Src/stm32f4xx_hal.o
 .debug_macro   0x000000000001e933       0x47 ./Drivers/STM32F4xx_HAL_Driver/Src/stm32f4xx_hal.o
 .debug_macro   0x000000000001e97a      0x287 ./Drivers/STM32F4xx_HAL_Driver/Src/stm32f4xx_hal.o
 .debug_macro   0x000000000001ec01      0x12d ./Drivers/STM32F4xx_HAL_Driver/Src/stm32f4xx_hal.o
 .debug_macro   0x000000000001ed2e      0x1e8 ./Drivers/STM32F4xx_HAL_Driver/Src/stm32f4xx_hal_cortex.o
 .debug_macro   0x000000000001ef16      0x21e ./Drivers/STM32F4xx_HAL_Driver/Src/stm32f4xx_hal_gpio.o
 .debug_macro   0x000000000001f134      0x228 ./Drivers/STM32F4xx_HAL_Driver/Src/stm32f4xx_hal_i2c.o
 .debug_macro   0x000000000001f35c      0x20c ./Drivers/STM32F4xx_HAL_Driver/Src/stm32f4xx_hal_rcc.o
 .debug_macro   0x000000000001f568      0x1e9 ./Drivers/STM32F4xx_HAL_Driver/Src/stm32f4xx_hal_tim.o
 .debug_macro   0x000000000001f751      0x1e8 ./Drivers/STM32F4xx_HAL_Driver/Src/stm32f4xx_hal_tim_ex.o
 .debug_macro   0x000000000001f939      0x1e9 ./Drivers/STM32F4xx_HAL_Driver/Src/stm32f4xx_hal_uart.o
 .debug_macro   0x000000000001fb22      0x20f ./Src/buzzer.o
 .debug_macro   0x000000000001fd31      0x226 ./Src/buzzer.o
 .debug_macro   0x000000000001ff57      0x1f2 ./Src/fonts.o
 .debug_macro   0x0000000000020149      0x1fc ./Src/gpio.o
 .debug_macro   0x0000000000020345      0x1fc ./Src/i2c.o
 .debug_macro   0x0000000000020541      0x222 ./Src/kb.o
 .debug_macro   0x0000000000020763       0x16 ./Src/kb.o
 .debug_macro   0x0000000000020779       0x22 ./Src/kb.o
 .debug_macro   0x000000000002079b      0x25a ./Src/main.o
 .debug_macro   0x00000000000209f5       0x22 ./Src/main.o
 .debug_macro   0x0000000000020a17      0x22c ./Src/main.o
 .debug_macro   0x0000000000020c43      0x20f ./Src/oled.o
 .debug_macro   0x0000000000020e52      0x213 ./Src/pca9538.o
 .debug_macro   0x0000000000021065      0x2d4 ./Src/sdk_uart.o
 .debug_macro   0x0000000000021339       0x52 ./Src/sdk_uart.o
 .debug_macro   0x000000000002138b       0x1e ./Src/sdk_uart.o
 .debug_macro   0x00000000000213a9       0x3c ./Src/sdk_uart.o
 .debug_macro   0x00000000000213e5       0x34 ./Src/sdk_uart.o
 .debug_macro   0x0000000000021419       0x16 ./Src/sdk_uart.o
 .debug_macro   0x000000000002142f       0x43 ./Src/sdk_uart.o
 .debug_macro   0x0000000000021472       0x34 ./Src/sdk_uart.o
 .debug_macro   0x00000000000214a6       0x10 ./Src/sdk_uart.o
 .debug_macro   0x00000000000214b6       0x58 ./Src/sdk_uart.o
 .debug_macro   0x000000000002150e       0x71 ./Src/sdk_uart.o
 .debug_macro   0x000000000002157f       0x1c ./Src/sdk_uart.o
 .debug_macro   0x000000000002159b      0x12a ./Src/sdk_uart.o
 .debug_macro   0x00000000000216c5      0x341 ./Src/sdk_uart.o
 .debug_macro   0x0000000000021a06       0x10 ./Src/sdk_uart.o
 .debug_macro   0x0000000000021a16       0x35 ./Src/sdk_uart.o
 .debug_macro   0x0000000000021a4b       0x20 ./Src/sdk_uart.o
 .debug_macro   0x0000000000021a6b      0x1f2 ./Src/stm32f4xx_hal_msp.o
 .debug_macro   0x0000000000021c5d      0x1fc ./Src/stm32f4xx_it.o
 .debug_macro   0x0000000000021e59      0x1ee ./Src/system_stm32f4xx.o
 .debug_macro   0x0000000000022047      0x200 ./Src/tim.o
 .debug_macro   0x0000000000022247      0x1fc ./Src/usart.o

.debug_line     0x0000000000000000    0x17189
 .debug_line    0x0000000000000000      0xa5d ./Drivers/STM32F4xx_HAL_Driver/Src/stm32f4xx_hal.o
 .debug_line    0x0000000000000a5d      0xca1 ./Drivers/STM32F4xx_HAL_Driver/Src/stm32f4xx_hal_cortex.o
 .debug_line    0x00000000000016fe      0xc23 ./Drivers/STM32F4xx_HAL_Driver/Src/stm32f4xx_hal_gpio.o
 .debug_line    0x0000000000002321     0x54ac ./Drivers/STM32F4xx_HAL_Driver/Src/stm32f4xx_hal_i2c.o
 .debug_line    0x00000000000077cd      0xffe ./Drivers/STM32F4xx_HAL_Driver/Src/stm32f4xx_hal_rcc.o
 .debug_line    0x00000000000087cb     0x3b84 ./Drivers/STM32F4xx_HAL_Driver/Src/stm32f4xx_hal_tim.o
 .debug_line    0x000000000000c34f     0x16b9 ./Drivers/STM32F4xx_HAL_Driver/Src/stm32f4xx_hal_tim_ex.o
 .debug_line    0x000000000000da08     0x2130 ./Drivers/STM32F4xx_HAL_Driver/Src/stm32f4xx_hal_uart.o
 .debug_line    0x000000000000fb38      0x7c9 ./Src/buzzer.o
 .debug_line    0x0000000000010301      0x6d7 ./Src/fonts.o
 .debug_line    0x00000000000109d8      0x70e ./Src/gpio.o
 .debug_line    0x00000000000110e6      0x7e3 ./Src/i2c.o
 .debug_line    0x00000000000118c9      0x92d ./Src/kb.o
 .debug_line    0x00000000000121f6      0xd00 ./Src/main.o
 .debug_line    0x0000000000012ef6      0xa66 ./Src/oled.o
 .debug_line    0x000000000001395c      0x823 ./Src/pca9538.o
 .debug_line    0x000000000001417f      0x89b ./Src/sdk_uart.o
 .debug_line    0x0000000000014a1a      0x706 ./Src/stm32f4xx_hal_msp.o
 .debug_line    0x0000000000015120      0x7e8 ./Src/stm32f4xx_it.o
 .debug_line    0x0000000000015908      0x7ef ./Src/system_stm32f4xx.o
 .debug_line    0x00000000000160f7      0x839 ./Src/tim.o
 .debug_line    0x0000000000016930      0x7da ./Src/usart.o
 .debug_line    0x000000000001710a       0x7f ./startup/startup_stm32f407xx.o

.debug_str      0x0000000000000000    0xcac1f
 .debug_str     0x0000000000000000    0xc3f4a ./Drivers/STM32F4xx_HAL_Driver/Src/stm32f4xx_hal.o
                                      0xc42c1 (size before relaxing)
 .debug_str     0x00000000000c3f4a      0x3b2 ./Drivers/STM32F4xx_HAL_Driver/Src/stm32f4xx_hal_cortex.o
                                      0xc3ff4 (size before relaxing)
 .debug_str     0x00000000000c42fc      0x28c ./Drivers/STM32F4xx_HAL_Driver/Src/stm32f4xx_hal_gpio.o
                                      0xc3965 (size before relaxing)
 .debug_str     0x00000000000c4588      0xf7d ./Drivers/STM32F4xx_HAL_Driver/Src/stm32f4xx_hal_i2c.o
                                      0xc46e4 (size before relaxing)
 .debug_str     0x00000000000c5505      0x39c ./Drivers/STM32F4xx_HAL_Driver/Src/stm32f4xx_hal_rcc.o
                                      0xc3b82 (size before relaxing)
 .debug_str     0x00000000000c58a1      0xf4c ./Drivers/STM32F4xx_HAL_Driver/Src/stm32f4xx_hal_tim.o
                                      0xc48a9 (size before relaxing)
 .debug_str     0x00000000000c67ed      0x4b7 ./Drivers/STM32F4xx_HAL_Driver/Src/stm32f4xx_hal_tim_ex.o
                                      0xc40f2 (size before relaxing)
 .debug_str     0x00000000000c6ca4      0x6ce ./Drivers/STM32F4xx_HAL_Driver/Src/stm32f4xx_hal_uart.o
                                      0xc3ffa (size before relaxing)
 .debug_str     0x00000000000c7372      0x3f0 ./Src/buzzer.o
                                      0xc3e03 (size before relaxing)
 .debug_str     0x00000000000c7762       0x75 ./Src/fonts.o
                                      0xc35db (size before relaxing)
 .debug_str     0x00000000000c77d7       0x25 ./Src/gpio.o
                                      0xc3686 (size before relaxing)
 .debug_str     0x00000000000c77fc       0x3b ./Src/i2c.o
                                      0xc3c94 (size before relaxing)
 .debug_str     0x00000000000c7837      0x12e ./Src/kb.o
                                      0xc36f0 (size before relaxing)
 .debug_str     0x00000000000c7965      0x1a7 ./Src/main.o
                                      0xc3e85 (size before relaxing)
 .debug_str     0x00000000000c7b0c       0xaf ./Src/oled.o
                                      0xc3c55 (size before relaxing)
 .debug_str     0x00000000000c7bbb       0x64 ./Src/pca9538.o
                                      0xc3be5 (size before relaxing)
 .debug_str     0x00000000000c7c1f     0x2e47 ./Src/sdk_uart.o
                                      0xc6868 (size before relaxing)
 .debug_str     0x00000000000caa66       0x1b ./Src/stm32f4xx_hal_msp.o
                                      0xc3688 (size before relaxing)
 .debug_str     0x00000000000caa81       0xb8 ./Src/stm32f4xx_it.o
                                      0xc360e (size before relaxing)
 .debug_str     0x00000000000cab39       0x5a ./Src/system_stm32f4xx.o
                                      0xc374d (size before relaxing)
 .debug_str     0x00000000000cab93       0x43 ./Src/tim.o
                                      0xc3ce1 (size before relaxing)
 .debug_str     0x00000000000cabd6       0x1a ./Src/usart.o
                                      0xc3bc1 (size before relaxing)
 .debug_str     0x00000000000cabf0       0x2f ./startup/startup_stm32f407xx.o
                                         0x6a (size before relaxing)

.comment        0x0000000000000000       0x50
 .comment       0x0000000000000000       0x50 ./Drivers/STM32F4xx_HAL_Driver/Src/stm32f4xx_hal.o
                                         0x51 (size before relaxing)
 .comment       0x0000000000000050       0x51 ./Drivers/STM32F4xx_HAL_Driver/Src/stm32f4xx_hal_cortex.o
 .comment       0x0000000000000050       0x51 ./Drivers/STM32F4xx_HAL_Driver/Src/stm32f4xx_hal_gpio.o
 .comment       0x0000000000000050       0x51 ./Drivers/STM32F4xx_HAL_Driver/Src/stm32f4xx_hal_i2c.o
 .comment       0x0000000000000050       0x51 ./Drivers/STM32F4xx_HAL_Driver/Src/stm32f4xx_hal_rcc.o
 .comment       0x0000000000000050       0x51 ./Drivers/STM32F4xx_HAL_Driver/Src/stm32f4xx_hal_tim.o
 .comment       0x0000000000000050       0x51 ./Drivers/STM32F4xx_HAL_Driver/Src/stm32f4xx_hal_tim_ex.o
 .comment       0x0000000000000050       0x51 ./Drivers/STM32F4xx_HAL_Driver/Src/stm32f4xx_hal_uart.o
 .comment       0x0000000000000050       0x51 ./Src/buzzer.o
 .comment       0x0000000000000050       0x51 ./Src/fonts.o
 .comment       0x0000000000000050       0x51 ./Src/gpio.o
 .comment       0x0000000000000050       0x51 ./Src/i2c.o
 .comment       0x0000000000000050       0x51 ./Src/kb.o
 .comment       0x0000000000000050       0x51 ./Src/main.o
 .comment       0x0000000000000050       0x51 ./Src/oled.o
 .comment       0x0000000000000050       0x51 ./Src/pca9538.o
 .comment       0x0000000000000050       0x51 ./Src/sdk_uart.o
 .comment       0x0000000000000050       0x51 ./Src/stm32f4xx_hal_msp.o
 .comment       0x0000000000000050       0x51 ./Src/stm32f4xx_it.o
 .comment       0x0000000000000050       0x51 ./Src/system_stm32f4xx.o
 .comment       0x0000000000000050       0x51 ./Src/tim.o
 .comment       0x0000000000000050       0x51 ./Src/usart.o

.debug_frame    0x0000000000000000     0x28c8
 .debug_frame   0x0000000000000000      0x1ec ./Drivers/STM32F4xx_HAL_Driver/Src/stm32f4xx_hal.o
 .debug_frame   0x00000000000001ec      0x148 ./Drivers/STM32F4xx_HAL_Driver/Src/stm32f4xx_hal_cortex.o
 .debug_frame   0x0000000000000334       0xd8 ./Drivers/STM32F4xx_HAL_Driver/Src/stm32f4xx_hal_gpio.o
 .debug_frame   0x000000000000040c      0x93c ./Drivers/STM32F4xx_HAL_Driver/Src/stm32f4xx_hal_i2c.o
 .debug_frame   0x0000000000000d48      0x16c ./Drivers/STM32F4xx_HAL_Driver/Src/stm32f4xx_hal_rcc.o
 .debug_frame   0x0000000000000eb4      0xa70 ./Drivers/STM32F4xx_HAL_Driver/Src/stm32f4xx_hal_tim.o
 .debug_frame   0x0000000000001924      0x3a8 ./Drivers/STM32F4xx_HAL_Driver/Src/stm32f4xx_hal_tim_ex.o
 .debug_frame   0x0000000000001ccc      0x4ec ./Drivers/STM32F4xx_HAL_Driver/Src/stm32f4xx_hal_uart.o
 .debug_frame   0x00000000000021b8       0x70 ./Src/buzzer.o
 .debug_frame   0x0000000000002228       0x28 ./Src/gpio.o
 .debug_frame   0x0000000000002250       0x64 ./Src/i2c.o
 .debug_frame   0x00000000000022b4       0x78 ./Src/kb.o
 .debug_frame   0x000000000000232c       0xf8 ./Src/main.o
 .debug_frame   0x0000000000002424      0x144 ./Src/oled.o
 .debug_frame   0x0000000000002568       0x9c ./Src/pca9538.o
 .debug_frame   0x0000000000002604       0x40 ./Src/sdk_uart.o
 .debug_frame   0x0000000000002644       0x28 ./Src/stm32f4xx_hal_msp.o
 .debug_frame   0x000000000000266c       0xa8 ./Src/stm32f4xx_it.o
 .debug_frame   0x0000000000002714       0x30 ./Src/system_stm32f4xx.o
 .debug_frame   0x0000000000002744       0x78 ./Src/tim.o
 .debug_frame   0x00000000000027bc       0x60 ./Src/usart.o
 .debug_frame   0x000000000000281c       0x2c /home/nikit/Apps/IDE/st-stm32cubeide-1.9.0/plugins/com.st.stm32cube.ide.mcu.externaltools.gnu-tools-for-stm32.10.3-2021.10.linux64_1.0.0.202111181127/tools/bin/../lib/gcc/arm-none-eabi/10.3.1/../../../../arm-none-eabi/lib/thumb/v7e-m+fp/hard/libc_nano.a(lib_a-init.o)
 .debug_frame   0x0000000000002848       0x20 /home/nikit/Apps/IDE/st-stm32cubeide-1.9.0/plugins/com.st.stm32cube.ide.mcu.externaltools.gnu-tools-for-stm32.10.3-2021.10.linux64_1.0.0.202111181127/tools/bin/../lib/gcc/arm-none-eabi/10.3.1/../../../../arm-none-eabi/lib/thumb/v7e-m+fp/hard/libc_nano.a(lib_a-memset.o)
 .debug_frame   0x0000000000002868       0x2c /home/nikit/Apps/IDE/st-stm32cubeide-1.9.0/plugins/com.st.stm32cube.ide.mcu.externaltools.gnu-tools-for-stm32.10.3-2021.10.linux64_1.0.0.202111181127/tools/bin/../lib/gcc/arm-none-eabi/10.3.1/thumb/v7e-m+fp/hard/libgcc.a(_aeabi_uldivmod.o)
 .debug_frame   0x0000000000002894       0x34 /home/nikit/Apps/IDE/st-stm32cubeide-1.9.0/plugins/com.st.stm32cube.ide.mcu.externaltools.gnu-tools-for-stm32.10.3-2021.10.linux64_1.0.0.202111181127/tools/bin/../lib/gcc/arm-none-eabi/10.3.1/thumb/v7e-m+fp/hard/libgcc.a(_udivmoddi4.o)
